
> 02-next-weple@0.1.0 build
> next build

??Next.js 16.1.6 (Turbopack)
- Environments: .env.local

node.exe : ??The "middleware" file convention is deprecated. Please use "pr
oxy" instead. Learn more: https://nextjs.org/docs/messages/middleware-to-pr
oxy
위치 줄:1 문자:1
+ & "C:\Program Files\nodejs/node.exe" "C:\Program Files\nodejs/node_mo ...
+ ~~~~~~~~~~~~~~~~~~~~~~~~~~~~~~~~~~~~~~~~~~~~~~~~~~~~~~~~~~~~~~~~~~~~~
    + CategoryInfo          : NotSpecified: (??The "middlewa...leware-to-p 
   roxy:String) [], RemoteException
    + FullyQualifiedErrorId : NativeCommandError
 
  Creating an optimized production build ...
??Compiled successfully in 8.2s
  Running TypeScript ...
Failed to compile.

./app/(dashboard)/schedule/page.tsx:22:34
Type error: Property 'wedding_date' does not exist on type 'never'.

[0m [90m 20 |[39m         [33m.[39msingle()
 [90m 21 |[39m
[31m[1m>[22m[39m[90m 22 |[39m     [36mconst[39m weddingDate [33m=
[39m profile[33m?[39m[33m.[39mwedding_date [33m||[39m [36mnull[39m 
[90m// Start with null[39m
 [90m    |[39m                                  [31m[1m^[22m[39m
 [90m 23 |[39m     [36mconst[39m dDay [33m=[39m calculateDDay(wedding
Date)
 [90m 24 |[39m
 [90m 25 |[39m     [90m// Tasks[39m[0m
Next.js build worker exited with code: 1 and signal: null
