app/page.tsx(284,12): error TS2304: Cannot find name 'ChevronLeft'.
app/page.tsx(300,12): error TS2304: Cannot find name 'ChevronRight'.
